error[TYPE_MISMATCH]: Expected `i64`, got `str`
  --> examples/multi_error.casa:12:15
   |
12 |     "hello" 2 *
   |               ^

error[SIGNATURE_MISMATCH]: Invalid stack effect for function `too_many`
  --> examples/multi_error.casa:6:4
  |
6 | fn too_many i64 -> i64 {
  |    ^^^^^^^^

error[STACK_MISMATCH]: Branches have incompatible stack effects
  --> examples/multi_error.casa:27:5
   |
27 |     fi
   |     ^^

error[INVALID_VARIABLE]: Cannot override local variable `count` of type `i64` with other type `str`
  --> examples/multi_error.casa:18:14
   |
18 |     "oops" = count
   |              ^^^^^

Found 4 error(s).
